[
    {
        "name": "Thomas",
        "state": "Nigeria",
        "age": 22
    }
]