[
    {
        "first_name": "john",
        "last_name": "Doe"
    }
]