[
    {
        "name": "Thomas",
        "state": "Nigeria",
        "age": 22
    }
,
    {
        "name": "Luis",
        "state": "Nigeria",
        "age": 32
    }
]