[
    {
        "name": "Thomas",
        "state": "Nigeria",
        "age": 22
    },
    {
        "name": "Juan",
        "state": "Nigeria",
        "age": 28
    }
]